Archive member included to satisfy reference by file (symbol)

c:/program files (x86)/atmel/studio/7.0/toolchain/avr8/avr8-gnu-toolchain/bin/../lib/gcc/avr/5.4.0/avr5\libgcc.a(_exit.o)
                              C:/Program Files (x86)/Atmel/Studio/7.0/Packs/atmel/ATmega_DFP/1.6.364/gcc/dev/atmega328p/avr5/crtatmega328p.o (exit)
c:/program files (x86)/atmel/studio/7.0/toolchain/avr8/avr8-gnu-toolchain/bin/../lib/gcc/avr/5.4.0/avr5\libgcc.a(_clear_bss.o)
                              main.o (__do_clear_bss)

Allocating common symbols
Common symbol       size              file

ucRTUBuf            0x100             modbus/mbrtu.o
pxMBFrameCBTransmitFSMCur
                    0x2               modbus/mb.o
pxMBFrameCBReceiveFSMCur
                    0x2               modbus/mb.o

Discarded input sections

 .data          0x00000000        0x0 C:/Program Files (x86)/Atmel/Studio/7.0/Packs/atmel/ATmega_DFP/1.6.364/gcc/dev/atmega328p/avr5/crtatmega328p.o
 .bss           0x00000000        0x0 C:/Program Files (x86)/Atmel/Studio/7.0/Packs/atmel/ATmega_DFP/1.6.364/gcc/dev/atmega328p/avr5/crtatmega328p.o
 .text          0x00000000        0x0 main.o
 .data          0x00000000        0x0 main.o
 .bss           0x00000000        0x0 main.o
 .bss.data      0x00000000        0x2 main.o
 .bss.address   0x00000000        0x2 main.o
 .bss.sreg      0x00000000        0x1 main.o
 .bss.buf       0x00000000        0x2 main.o
 .bss.flag_USART_TX_vect
                0x00000000        0x1 main.o
 .bss.eStatus   0x00000000        0x1 main.o
 .bss.MB_adres  0x00000000        0x1 main.o
 .bss.flag_count_press_button
                0x00000000        0x1 main.o
 .bss.count_PB4
                0x00000000        0x1 main.o
 .bss.input_button_US
                0x00000000        0x1 main.o
 .text          0x00000000        0x0 modbus/mb.o
 .data          0x00000000        0x0 modbus/mb.o
 .bss           0x00000000        0x0 modbus/mb.o
 COMMON         0x00000000        0x4 modbus/mb.o
 .text          0x00000000        0x0 modbus/mbcrc.o
 .data          0x00000000        0x0 modbus/mbcrc.o
 .bss           0x00000000        0x0 modbus/mbcrc.o
 .text          0x00000000        0x0 modbus/mbfuncholding.o
 .data          0x00000000        0x0 modbus/mbfuncholding.o
 .bss           0x00000000        0x0 modbus/mbfuncholding.o
 .text          0x00000000        0x0 modbus/mbrtu.o
 .data          0x00000000        0x0 modbus/mbrtu.o
 .bss           0x00000000        0x0 modbus/mbrtu.o
 .text          0x00000000        0x0 modbus/portevent.o
 .data          0x00000000        0x0 modbus/portevent.o
 .bss           0x00000000        0x0 modbus/portevent.o
 .text          0x00000000        0x0 modbus/portserial.o
 .data          0x00000000        0x0 modbus/portserial.o
 .bss           0x00000000        0x0 modbus/portserial.o
 .text          0x00000000        0x0 modbus/porttimer.o
 .data          0x00000000        0x0 modbus/porttimer.o
 .bss           0x00000000        0x0 modbus/porttimer.o
 .text          0x00000000        0x0 c:/program files (x86)/atmel/studio/7.0/toolchain/avr8/avr8-gnu-toolchain/bin/../lib/gcc/avr/5.4.0/avr5\libgcc.a(_exit.o)
 .data          0x00000000        0x0 c:/program files (x86)/atmel/studio/7.0/toolchain/avr8/avr8-gnu-toolchain/bin/../lib/gcc/avr/5.4.0/avr5\libgcc.a(_exit.o)
 .bss           0x00000000        0x0 c:/program files (x86)/atmel/studio/7.0/toolchain/avr8/avr8-gnu-toolchain/bin/../lib/gcc/avr/5.4.0/avr5\libgcc.a(_exit.o)
 .text.libgcc.mul
                0x00000000        0x0 c:/program files (x86)/atmel/studio/7.0/toolchain/avr8/avr8-gnu-toolchain/bin/../lib/gcc/avr/5.4.0/avr5\libgcc.a(_exit.o)
 .text.libgcc.div
                0x00000000        0x0 c:/program files (x86)/atmel/studio/7.0/toolchain/avr8/avr8-gnu-toolchain/bin/../lib/gcc/avr/5.4.0/avr5\libgcc.a(_exit.o)
 .text.libgcc   0x00000000        0x0 c:/program files (x86)/atmel/studio/7.0/toolchain/avr8/avr8-gnu-toolchain/bin/../lib/gcc/avr/5.4.0/avr5\libgcc.a(_exit.o)
 .text.libgcc.prologue
                0x00000000        0x0 c:/program files (x86)/atmel/studio/7.0/toolchain/avr8/avr8-gnu-toolchain/bin/../lib/gcc/avr/5.4.0/avr5\libgcc.a(_exit.o)
 .text.libgcc.builtins
                0x00000000        0x0 c:/program files (x86)/atmel/studio/7.0/toolchain/avr8/avr8-gnu-toolchain/bin/../lib/gcc/avr/5.4.0/avr5\libgcc.a(_exit.o)
 .text.libgcc.fmul
                0x00000000        0x0 c:/program files (x86)/atmel/studio/7.0/toolchain/avr8/avr8-gnu-toolchain/bin/../lib/gcc/avr/5.4.0/avr5\libgcc.a(_exit.o)
 .text.libgcc.fixed
                0x00000000        0x0 c:/program files (x86)/atmel/studio/7.0/toolchain/avr8/avr8-gnu-toolchain/bin/../lib/gcc/avr/5.4.0/avr5\libgcc.a(_exit.o)
 .text          0x00000000        0x0 c:/program files (x86)/atmel/studio/7.0/toolchain/avr8/avr8-gnu-toolchain/bin/../lib/gcc/avr/5.4.0/avr5\libgcc.a(_clear_bss.o)
 .data          0x00000000        0x0 c:/program files (x86)/atmel/studio/7.0/toolchain/avr8/avr8-gnu-toolchain/bin/../lib/gcc/avr/5.4.0/avr5\libgcc.a(_clear_bss.o)
 .bss           0x00000000        0x0 c:/program files (x86)/atmel/studio/7.0/toolchain/avr8/avr8-gnu-toolchain/bin/../lib/gcc/avr/5.4.0/avr5\libgcc.a(_clear_bss.o)
 .text.libgcc.mul
                0x00000000        0x0 c:/program files (x86)/atmel/studio/7.0/toolchain/avr8/avr8-gnu-toolchain/bin/../lib/gcc/avr/5.4.0/avr5\libgcc.a(_clear_bss.o)
 .text.libgcc.div
                0x00000000        0x0 c:/program files (x86)/atmel/studio/7.0/toolchain/avr8/avr8-gnu-toolchain/bin/../lib/gcc/avr/5.4.0/avr5\libgcc.a(_clear_bss.o)
 .text.libgcc   0x00000000        0x0 c:/program files (x86)/atmel/studio/7.0/toolchain/avr8/avr8-gnu-toolchain/bin/../lib/gcc/avr/5.4.0/avr5\libgcc.a(_clear_bss.o)
 .text.libgcc.prologue
                0x00000000        0x0 c:/program files (x86)/atmel/studio/7.0/toolchain/avr8/avr8-gnu-toolchain/bin/../lib/gcc/avr/5.4.0/avr5\libgcc.a(_clear_bss.o)
 .text.libgcc.builtins
                0x00000000        0x0 c:/program files (x86)/atmel/studio/7.0/toolchain/avr8/avr8-gnu-toolchain/bin/../lib/gcc/avr/5.4.0/avr5\libgcc.a(_clear_bss.o)
 .text.libgcc.fmul
                0x00000000        0x0 c:/program files (x86)/atmel/studio/7.0/toolchain/avr8/avr8-gnu-toolchain/bin/../lib/gcc/avr/5.4.0/avr5\libgcc.a(_clear_bss.o)
 .text.libgcc.fixed
                0x00000000        0x0 c:/program files (x86)/atmel/studio/7.0/toolchain/avr8/avr8-gnu-toolchain/bin/../lib/gcc/avr/5.4.0/avr5\libgcc.a(_clear_bss.o)

Memory Configuration

Name             Origin             Length             Attributes
text             0x00000000         0x00008000         xr
data             0x00800100         0x00000800         rw !x
eeprom           0x00810000         0x00000400         rw !x
fuse             0x00820000         0x00000003         rw !x
lock             0x00830000         0x00000400         rw !x
signature        0x00840000         0x00000400         rw !x
user_signatures  0x00850000         0x00000400         rw !x
*default*        0x00000000         0xffffffff

Linker script and memory map

Address of section .data set to 0x800100
LOAD C:/Program Files (x86)/Atmel/Studio/7.0/Packs/atmel/ATmega_DFP/1.6.364/gcc/dev/atmega328p/avr5/crtatmega328p.o
LOAD main.o
LOAD modbus/mb.o
LOAD modbus/mbcrc.o
LOAD modbus/mbfuncholding.o
LOAD modbus/mbrtu.o
LOAD modbus/portevent.o
LOAD modbus/portserial.o
LOAD modbus/porttimer.o
START GROUP
LOAD c:/program files (x86)/atmel/studio/7.0/toolchain/avr8/avr8-gnu-toolchain/bin/../lib/gcc/avr/5.4.0/../../../../avr/lib/avr5\libm.a
END GROUP
Address of section .text set to 0x7000
LOAD c:/program files (x86)/atmel/studio/7.0/toolchain/avr8/avr8-gnu-toolchain/bin/../lib/gcc/avr/5.4.0/avr5\libgcc.a
LOAD c:/program files (x86)/atmel/studio/7.0/toolchain/avr8/avr8-gnu-toolchain/bin/../lib/gcc/avr/5.4.0/../../../../avr/lib/avr5\libm.a
START GROUP
LOAD c:/program files (x86)/atmel/studio/7.0/toolchain/avr8/avr8-gnu-toolchain/bin/../lib/gcc/avr/5.4.0/avr5\libgcc.a
LOAD c:/program files (x86)/atmel/studio/7.0/toolchain/avr8/avr8-gnu-toolchain/bin/../lib/gcc/avr/5.4.0/../../../../avr/lib/avr5\libm.a
LOAD c:/program files (x86)/atmel/studio/7.0/toolchain/avr8/avr8-gnu-toolchain/bin/../lib/gcc/avr/5.4.0/../../../../avr/lib/avr5\libc.a
LOAD C:/Program Files (x86)/Atmel/Studio/7.0/Packs/atmel/ATmega_DFP/1.6.364/gcc/dev/atmega328p/avr5\libatmega328p.a
END GROUP
                0x00000000                __TEXT_REGION_ORIGIN__ = DEFINED (__TEXT_REGION_ORIGIN__)?__TEXT_REGION_ORIGIN__:0x0
                [0x00800100]                __DATA_REGION_ORIGIN__ = DEFINED (__DATA_REGION_ORIGIN__)?__DATA_REGION_ORIGIN__:0x800060
                [0x00008000]                __TEXT_REGION_LENGTH__ = DEFINED (__TEXT_REGION_LENGTH__)?__TEXT_REGION_LENGTH__:0x20000
                [0x00000800]                __DATA_REGION_LENGTH__ = DEFINED (__DATA_REGION_LENGTH__)?__DATA_REGION_LENGTH__:0xffa0
                [0x00000400]                __EEPROM_REGION_LENGTH__ = DEFINED (__EEPROM_REGION_LENGTH__)?__EEPROM_REGION_LENGTH__:0x10000
                [0x00000003]                __FUSE_REGION_LENGTH__ = DEFINED (__FUSE_REGION_LENGTH__)?__FUSE_REGION_LENGTH__:0x400
                0x00000400                __LOCK_REGION_LENGTH__ = DEFINED (__LOCK_REGION_LENGTH__)?__LOCK_REGION_LENGTH__:0x400
                0x00000400                __SIGNATURE_REGION_LENGTH__ = DEFINED (__SIGNATURE_REGION_LENGTH__)?__SIGNATURE_REGION_LENGTH__:0x400
                0x00000400                __USER_SIGNATURE_REGION_LENGTH__ = DEFINED (__USER_SIGNATURE_REGION_LENGTH__)?__USER_SIGNATURE_REGION_LENGTH__:0x400

.hash
 *(.hash)

.dynsym
 *(.dynsym)

.dynstr
 *(.dynstr)

.gnu.version
 *(.gnu.version)

.gnu.version_d
 *(.gnu.version_d)

.gnu.version_r
 *(.gnu.version_r)

.rel.init
 *(.rel.init)

.rela.init
 *(.rela.init)

.rel.text
 *(.rel.text)
 *(.rel.text.*)
 *(.rel.gnu.linkonce.t*)

.rela.text
 *(.rela.text)
 *(.rela.text.*)
 *(.rela.gnu.linkonce.t*)

.rel.fini
 *(.rel.fini)

.rela.fini
 *(.rela.fini)

.rel.rodata
 *(.rel.rodata)
 *(.rel.rodata.*)
 *(.rel.gnu.linkonce.r*)

.rela.rodata
 *(.rela.rodata)
 *(.rela.rodata.*)
 *(.rela.gnu.linkonce.r*)

.rel.data
 *(.rel.data)
 *(.rel.data.*)
 *(.rel.gnu.linkonce.d*)

.rela.data
 *(.rela.data)
 *(.rela.data.*)
 *(.rela.gnu.linkonce.d*)

.rel.ctors
 *(.rel.ctors)

.rela.ctors
 *(.rela.ctors)

.rel.dtors
 *(.rel.dtors)

.rela.dtors
 *(.rela.dtors)

.rel.got
 *(.rel.got)

.rela.got
 *(.rela.got)

.rel.bss
 *(.rel.bss)

.rela.bss
 *(.rela.bss)

.rel.plt
 *(.rel.plt)

.rela.plt
 *(.rela.plt)

.text           0x00007000      0x7be
 *(.vectors)
 .vectors       0x00007000       0x68 C:/Program Files (x86)/Atmel/Studio/7.0/Packs/atmel/ATmega_DFP/1.6.364/gcc/dev/atmega328p/avr5/crtatmega328p.o
                0x00007000                __vector_default
                0x00007000                __vectors
 *(.vectors)
 *(.progmem.gcc*)
                0x00007068                . = ALIGN (0x2)
                0x00007068                __trampolines_start = .
 *(.trampolines)
 .trampolines   0x00007068        0x0 linker stubs
 *(.trampolines*)
                0x00007068                __trampolines_end = .
 *libprintf_flt.a:*(.progmem.data)
 *libc.a:*(.progmem.data)
 *(.progmem*)
                0x00007068                . = ALIGN (0x2)
 *(.jumptables)
 *(.jumptables*)
 *(.lowtext)
 *(.lowtext*)
                0x00007068                __ctors_start = .
 *(.ctors)
                0x00007068                __ctors_end = .
                0x00007068                __dtors_start = .
 *(.dtors)
                0x00007068                __dtors_end = .
 SORT(*)(.ctors)
 SORT(*)(.dtors)
 *(.init0)
 .init0         0x00007068        0x0 C:/Program Files (x86)/Atmel/Studio/7.0/Packs/atmel/ATmega_DFP/1.6.364/gcc/dev/atmega328p/avr5/crtatmega328p.o
                0x00007068                __init
 *(.init0)
 *(.init1)
 *(.init1)
 *(.init2)
 .init2         0x00007068        0xc C:/Program Files (x86)/Atmel/Studio/7.0/Packs/atmel/ATmega_DFP/1.6.364/gcc/dev/atmega328p/avr5/crtatmega328p.o
 *(.init2)
 *(.init3)
 *(.init3)
 *(.init4)
 .init4         0x00007074       0x10 c:/program files (x86)/atmel/studio/7.0/toolchain/avr8/avr8-gnu-toolchain/bin/../lib/gcc/avr/5.4.0/avr5\libgcc.a(_clear_bss.o)
                0x00007074                __do_clear_bss
 *(.init4)
 *(.init5)
 *(.init5)
 *(.init6)
 *(.init6)
 *(.init7)
 *(.init7)
 *(.init8)
 *(.init8)
 *(.init9)
 .init9         0x00007084        0x8 C:/Program Files (x86)/Atmel/Studio/7.0/Packs/atmel/ATmega_DFP/1.6.364/gcc/dev/atmega328p/avr5/crtatmega328p.o
 *(.init9)
 *(.text)
 .text          0x0000708c        0x4 C:/Program Files (x86)/Atmel/Studio/7.0/Packs/atmel/ATmega_DFP/1.6.364/gcc/dev/atmega328p/avr5/crtatmega328p.o
                0x0000708c                __vector_22
                0x0000708c                __vector_1
                0x0000708c                __vector_24
                0x0000708c                __vector_12
                0x0000708c                __bad_interrupt
                0x0000708c                __vector_6
                0x0000708c                __vector_3
                0x0000708c                __vector_23
                0x0000708c                __vector_25
                0x0000708c                __vector_13
                0x0000708c                __vector_17
                0x0000708c                __vector_7
                0x0000708c                __vector_5
                0x0000708c                __vector_4
                0x0000708c                __vector_9
                0x0000708c                __vector_2
                0x0000708c                __vector_21
                0x0000708c                __vector_15
                0x0000708c                __vector_8
                0x0000708c                __vector_14
                0x0000708c                __vector_10
                0x0000708c                __vector_16
                0x00007090                . = ALIGN (0x2)
 *(.text.*)
 .text.__vector_20
                0x00007090       0x16 main.o
                0x00007090                __vector_20
 .text.__vector_19
                0x000070a6       0x48 main.o
                0x000070a6                __vector_19
 .text.__vector_18
                0x000070ee       0x48 main.o
                0x000070ee                __vector_18
 .text.__vector_11
                0x00007136       0x48 main.o
                0x00007136                __vector_11
 .text.startup.main
                0x0000717e      0x1be main.o
                0x0000717e                main
 .text.eMBRegHoldingCB
                0x0000733c       0x52 main.o
                0x0000733c                eMBRegHoldingCB
 .text.eMBPoll  0x0000738e       0xa4 modbus/mb.o
                0x0000738e                eMBPoll
 .text.usMBCRC16
                0x00007432       0x42 modbus/mbcrc.o
                0x00007432                usMBCRC16
 .text.eMBFuncWriteMultipleHoldingRegister
                0x00007474       0x2a modbus/mbfuncholding.o
                0x00007474                eMBFuncWriteMultipleHoldingRegister
 .text.eMBFuncReadHoldingRegister
                0x0000749e       0x30 modbus/mbfuncholding.o
                0x0000749e                eMBFuncReadHoldingRegister
 .text.eMBRTUReceive
                0x000074ce       0x70 modbus/mbrtu.o
                0x000074ce                eMBRTUReceive
 .text.eMBRTUSend
                0x0000753e       0x9c modbus/mbrtu.o
                0x0000753e                eMBRTUSend
 .text.xMBRTUReceiveFSM
                0x000075da       0x92 modbus/mbrtu.o
                0x000075da                xMBRTUReceiveFSM
 .text.xMBRTUTransmitFSM
                0x0000766c       0x6c modbus/mbrtu.o
                0x0000766c                xMBRTUTransmitFSM
 .text.xMBRTUTimerT35Expired
                0x000076d8       0x3e modbus/mbrtu.o
                0x000076d8                xMBRTUTimerT35Expired
 .text.xMBPortEventPost
                0x00007716        0xc modbus/portevent.o
                0x00007716                xMBPortEventPost
 .text.xMBPortEventGet
                0x00007722       0x1c modbus/portevent.o
                0x00007722                xMBPortEventGet
 .text.vMBPortSerialEnable
                0x0000773e       0x42 modbus/portserial.o
                0x0000773e                vMBPortSerialEnable
 .text.vMBPortTimersEnable
                0x00007780       0x3a modbus/porttimer.o
                0x00007780                vMBPortTimersEnable
                0x000077ba                . = ALIGN (0x2)
 *(.fini9)
 .fini9         0x000077ba        0x0 c:/program files (x86)/atmel/studio/7.0/toolchain/avr8/avr8-gnu-toolchain/bin/../lib/gcc/avr/5.4.0/avr5\libgcc.a(_exit.o)
                0x000077ba                _exit
                0x000077ba                exit
 *(.fini9)
 *(.fini8)
 *(.fini8)
 *(.fini7)
 *(.fini7)
 *(.fini6)
 *(.fini6)
 *(.fini5)
 *(.fini5)
 *(.fini4)
 *(.fini4)
 *(.fini3)
 *(.fini3)
 *(.fini2)
 *(.fini2)
 *(.fini1)
 *(.fini1)
 *(.fini0)
 .fini0         0x000077ba        0x4 c:/program files (x86)/atmel/studio/7.0/toolchain/avr8/avr8-gnu-toolchain/bin/../lib/gcc/avr/5.4.0/avr5\libgcc.a(_exit.o)
 *(.fini0)
                0x000077be                _etext = .

.data           0x00800100        0x0 load address 0x000077be
                [!provide]                PROVIDE (__data_start, .)
 *(.data)
 *(.data*)
 *(.gnu.linkonce.d*)
 *(.rodata)
 *(.rodata*)
 *(.gnu.linkonce.r*)
                0x00800100                . = ALIGN (0x2)
                0x00800100                _edata = .
                [!provide]                PROVIDE (__data_end, .)

.bss            0x00800100      0x220
                0x00800100                PROVIDE (__bss_start, .)
 *(.bss)
 *(.bss*)
 .bss.i         0x00800100        0x2 main.o
                0x00800100                i
 .bss.page      0x00800102        0x2 main.o
                0x00800102                page
 .bss.adr8_page
                0x00800104        0x2 main.o
                0x00800104                adr8_page
 .bss.usTimerOCRADelta
                0x00800106        0x2 main.o
                0x00800106                usTimerOCRADelta
 .bss.ucMBAddress
                0x00800108        0x1 main.o
                0x00800108                ucMBAddress
 .bss.usReg_HOLDING_Buf
                0x00800109      0x108 main.o
                0x00800109                usReg_HOLDING_Buf
 .bss.usLength.1984
                0x00800211        0x2 modbus/mb.o
 .bss.ucMBFrame.1982
                0x00800213        0x2 modbus/mb.o
 .bss.ucRcvAddress.1983
                0x00800215        0x1 modbus/mb.o
 .bss.usRcvBufferPos
                0x00800216        0x2 modbus/mbrtu.o
 .bss.usSndBufferCount
                0x00800218        0x2 modbus/mbrtu.o
 .bss.pucSndBufferCur
                0x0080021a        0x2 modbus/mbrtu.o
 .bss.eRcvState
                0x0080021c        0x1 modbus/mbrtu.o
 .bss.eSndState
                0x0080021d        0x1 modbus/mbrtu.o
 .bss.xEventInQueue
                0x0080021e        0x1 modbus/portevent.o
 .bss.eQueuedEvent
                0x0080021f        0x1 modbus/portevent.o
 *(COMMON)
 COMMON         0x00800220      0x100 modbus/mbrtu.o
                0x00800220                ucRTUBuf
                0x00800320                PROVIDE (__bss_end, .)
                0x000077be                __data_load_start = LOADADDR (.data)
                0x000077be                __data_load_end = (__data_load_start + SIZEOF (.data))

.noinit         0x00800320        0x0
                [!provide]                PROVIDE (__noinit_start, .)
 *(.noinit*)
                [!provide]                PROVIDE (__noinit_end, .)
                0x00800320                _end = .
                [!provide]                PROVIDE (__heap_start, .)

.eeprom         0x00810000        0x0
 *(.eeprom*)
                0x00810000                __eeprom_end = .

.fuse
 *(.fuse)
 *(.lfuse)
 *(.hfuse)
 *(.efuse)

.lock
 *(.lock*)

.signature
 *(.signature*)

.user_signatures
 *(.user_signatures*)

.stab
 *(.stab)

.stabstr
 *(.stabstr)

.stab.excl
 *(.stab.excl)

.stab.exclstr
 *(.stab.exclstr)

.stab.index
 *(.stab.index)

.stab.indexstr
 *(.stab.indexstr)

.comment        0x00000000       0x30
 *(.comment)
 .comment       0x00000000       0x30 main.o
                                 0x31 (size before relaxing)
 .comment       0x00000030       0x31 modbus/mb.o
 .comment       0x00000030       0x31 modbus/mbcrc.o
 .comment       0x00000030       0x31 modbus/mbfuncholding.o
 .comment       0x00000030       0x31 modbus/mbrtu.o
 .comment       0x00000030       0x31 modbus/portevent.o
 .comment       0x00000030       0x31 modbus/portserial.o
 .comment       0x00000030       0x31 modbus/porttimer.o

.note.gnu.avr.deviceinfo
                0x00000000       0x40
 .note.gnu.avr.deviceinfo
                0x00000000       0x40 C:/Program Files (x86)/Atmel/Studio/7.0/Packs/atmel/ATmega_DFP/1.6.364/gcc/dev/atmega328p/avr5/crtatmega328p.o

.note.gnu.build-id
 *(.note.gnu.build-id)

.debug
 *(.debug)

.line
 *(.line)

.debug_srcinfo
 *(.debug_srcinfo)

.debug_sfnames
 *(.debug_sfnames)

.debug_aranges
 *(.debug_aranges)

.debug_pubnames
 *(.debug_pubnames)

.debug_info     0x00000000      0x5f4
 *(.debug_info .gnu.linkonce.wi.*)
 .debug_info    0x00000000      0x5f4 C:/Program Files (x86)/Atmel/Studio/7.0/Packs/atmel/ATmega_DFP/1.6.364/gcc/dev/atmega328p/avr5/crtatmega328p.o

.debug_abbrev   0x00000000      0x5a2
 *(.debug_abbrev)
 .debug_abbrev  0x00000000      0x5a2 C:/Program Files (x86)/Atmel/Studio/7.0/Packs/atmel/ATmega_DFP/1.6.364/gcc/dev/atmega328p/avr5/crtatmega328p.o

.debug_line     0x00000000      0x134
 *(.debug_line .debug_line.* .debug_line_end)
 .debug_line    0x00000000      0x134 C:/Program Files (x86)/Atmel/Studio/7.0/Packs/atmel/ATmega_DFP/1.6.364/gcc/dev/atmega328p/avr5/crtatmega328p.o

.debug_frame
 *(.debug_frame)

.debug_str      0x00000000      0x208
 *(.debug_str)
 .debug_str     0x00000000      0x208 C:/Program Files (x86)/Atmel/Studio/7.0/Packs/atmel/ATmega_DFP/1.6.364/gcc/dev/atmega328p/avr5/crtatmega328p.o

.debug_loc
 *(.debug_loc)

.debug_macinfo
 *(.debug_macinfo)

.debug_weaknames
 *(.debug_weaknames)

.debug_funcnames
 *(.debug_funcnames)

.debug_typenames
 *(.debug_typenames)

.debug_varnames
 *(.debug_varnames)

.debug_pubtypes
 *(.debug_pubtypes)

.debug_ranges
 *(.debug_ranges)

.debug_macro
 *(.debug_macro)
OUTPUT(bootloader_mega328_mb485.elf elf32-avr)
LOAD linker stubs
